{:jobs,
 [
   %{
     args: %{
       "event" => %{
         name: "AEC/O Hackathon 2025 Munich Edition",
         url: "https://www.tum-venture-labs.de/events/aeco-hackathon-2025/",
         series_id: nil,
         date_hint: "Friday, November 21, 2025"
       },
       "worker_name" => "TUMVentureLabs.AddInfo"
     },
     priority: 3,
     state: "scheduled",
     max_attempts: 2,
     queue: "scraper",
     worker: "HackScraper.Worker.ScraperRunner",
     unique: %{
       timestamp: :inserted_at,
       keys: [:event],
       period: 5184000,
       fields: [:queue, :args],
       states: [:scheduled, :available, :executing, :retryable, :completed,
        :discarded, :cancelled]
     }
   },
   %{
     args: %{
       "event" => %{
         name: "Global Sustainability Challenge",
         url: "https://www.tum-venture-labs.de/events/global-sustainability-challenge/",
         series_id: nil,
         date_hint: "Monday, November 3, 2025"
       },
       "worker_name" => "TUMVentureLabs.AddInfo"
     },
     priority: 3,
     state: "scheduled",
     max_attempts: 2,
     queue: "scraper",
     worker: "HackScraper.Worker.ScraperRunner",
     unique: %{
       timestamp: :inserted_at,
       keys: [:event],
       period: 5184000,
       fields: [:queue, :args],
       states: [:scheduled, :available, :executing, :retryable, :completed,
        :discarded, :cancelled]
     }
   },
   %{
     args: %{
       "event" => %{
         name: "Munich Defense Systems Hack",
         url: "https://www.tum-venture-labs.de/events/munich-defense-systems-hack/",
         series_id: nil,
         date_hint: "Friday, May 30, 2025"
       },
       "worker_name" => "TUMVentureLabs.AddInfo"
     },
     priority: 3,
     state: "scheduled",
     max_attempts: 2,
     queue: "scraper",
     worker: "HackScraper.Worker.ScraperRunner",
     unique: %{
       timestamp: :inserted_at,
       keys: [:event],
       period: 5184000,
       fields: [:queue, :args],
       states: [:scheduled, :available, :executing, :retryable, :completed,
        :discarded, :cancelled]
     }
   },
   %{
     args: %{
       "event" => %{
         name: "THE POOL – Co-Founder Matching Hackathon",
         url: "https://www.tum-venture-labs.de/events/the-pool-co-founder-matching-hackathon/",
         series_id: nil,
         date_hint: "Monday, April 7, 2025"
       },
       "worker_name" => "TUMVentureLabs.AddInfo"
     },
     priority: 3,
     state: "scheduled",
     max_attempts: 2,
     queue: "scraper",
     worker: "HackScraper.Worker.ScraperRunner",
     unique: %{
       timestamp: :inserted_at,
       keys: [:event],
       period: 5184000,
       fields: [:queue, :args],
       states: [:scheduled, :available, :executing, :retryable, :completed,
        :discarded, :cancelled]
     }
   },
   %{
     args: %{
       "event" => %{
         name: "robo.innovate Hackathon 2025",
         url: "https://www.tum-venture-labs.de/events/robo-innovate-hackathon-2025/",
         series_id: nil,
         date_hint: "Monday, March 17, 2025"
       },
       "worker_name" => "TUMVentureLabs.AddInfo"
     },
     priority: 3,
     state: "scheduled",
     max_attempts: 2,
     queue: "scraper",
     worker: "HackScraper.Worker.ScraperRunner",
     unique: %{
       timestamp: :inserted_at,
       keys: [:event],
       period: 5184000,
       fields: [:queue, :args],
       states: [:scheduled, :available, :executing, :retryable, :completed,
        :discarded, :cancelled]
     }
   },
   %{
     args: %{
       "event" => %{
         name: "European Defense Tech Hackathon",
         url: "https://www.tum-venture-labs.de/events/european-defense-tech-hackathon/",
         series_id: nil,
         date_hint: "Thursday, February 13, 2025"
       },
       "worker_name" => "TUMVentureLabs.AddInfo"
     },
     priority: 3,
     state: "scheduled",
     max_attempts: 2,
     queue: "scraper",
     worker: "HackScraper.Worker.ScraperRunner",
     unique: %{
       timestamp: :inserted_at,
       keys: [:event],
       period: 5184000,
       fields: [:queue, :args],
       states: [:scheduled, :available, :executing, :retryable, :completed,
        :discarded, :cancelled]
     }
   },
   %{
     args: %{
       "event" => %{
         name: "AEC Hackathon Munich Edition",
         url: "https://www.tum-venture-labs.de/events/aec-hackathon-munich-edition/",
         series_id: nil,
         date_hint: "Friday, November 22, 2024"
       },
       "worker_name" => "TUMVentureLabs.AddInfo"
     },
     priority: 3,
     state: "scheduled",
     max_attempts: 2,
     queue: "scraper",
     worker: "HackScraper.Worker.ScraperRunner",
     unique: %{
       timestamp: :inserted_at,
       keys: [:event],
       period: 5184000,
       fields: [:queue, :args],
       states: [:scheduled, :available, :executing, :retryable, :completed,
        :discarded, :cancelled]
     }
   },
   %{
     args: %{
       "event" => %{
         name: "Alt Protein Pipelines: Hackathons as innovation and career catalysts",
         url: "https://www.tum-venture-labs.de/events/alt-protein-innovation-hackathon/",
         series_id: nil,
         date_hint: "Tuesday, October 1, 2024"
       },
       "worker_name" => "TUMVentureLabs.AddInfo"
     },
     priority: 3,
     state: "scheduled",
     max_attempts: 2,
     queue: "scraper",
     worker: "HackScraper.Worker.ScraperRunner",
     unique: %{
       timestamp: :inserted_at,
       keys: [:event],
       period: 5184000,
       fields: [:queue, :args],
       states: [:scheduled, :available, :executing, :retryable, :completed,
        :discarded, :cancelled]
     }
   },
   %{
     args: %{
       "event" => %{
         name: "Bite-sized Innovations: Hacking the Future of Alternative Protein",
         url: "https://www.tum-venture-labs.de/events/bite-sized-innovations-hacking-the-future-of-alternative-protein/",
         series_id: nil,
         date_hint: "Thursday, June 20, 2024"
       },
       "worker_name" => "TUMVentureLabs.AddInfo"
     },
     priority: 3,
     state: "scheduled",
     max_attempts: 2,
     queue: "scraper",
     worker: "HackScraper.Worker.ScraperRunner",
     unique: %{
       timestamp: :inserted_at,
       keys: [:event],
       period: 5184000,
       fields: [:queue, :args],
       states: [:scheduled, :available, :executing, :retryable, :completed,
        :discarded, :cancelled]
     }
   },
   %{
     args: %{
       "event" => %{
         name: "MakeaTUM Bionics Hackathon",
         url: "https://www.tum-venture-labs.de/events/makeatum-bionics-hackathon-2/",
         series_id: nil,
         date_hint: "Wednesday, April 24, 2024"
       },
       "worker_name" => "TUMVentureLabs.AddInfo"
     },
     priority: 3,
     state: "scheduled",
     max_attempts: 2,
     queue: "scraper",
     worker: "HackScraper.Worker.ScraperRunner",
     unique: %{
       timestamp: :inserted_at,
       keys: [:event],
       period: 5184000,
       fields: [:queue, :args],
       states: [:scheduled, :available, :executing, :retryable, :completed,
        :discarded, :cancelled]
     }
   }
 ]}
