{:hackathons,
 [
   %{
     name: "European Defense Tech Hackathon – Munich",
     description: "Time to Accelerate European Defense Innovation\nThe mission continues: at the same time as the Munich Security Conference, we'll be organizing once again Europe's largest defense tech hackathon:\nJoin us and 200+ hackers from all across Europe and beyond for the European Defense Tech Hackathon on February 12-15, 2026, in Munich.\nConnect with fellow defense innovators, find a co-founder, and develop solutions that will eventually save lives!\nGoal",
     location: nil,
     image: "https://images.lumacdn.com/cdn-cgi/image/format=auto,fit=cover,dpr=1,anim=false,background=white,quality=75,width=1920,height=1920/event-covers/g1/6944a064-249e-4d55-9a23-16115185a273.jpg",
     url: "https://luma.com/edth-2026-munich",
     start_date: ~U[2026-02-12 11:00:00Z],
     end_date: ~U[2026-02-15 17:00:00Z],
     series_id: nil
   }
 ]}
